// Jest Snapshot v1, https://goo.gl/fbAQLP

exports[`Snapshot for app component 1`] = `
Object {
  "asFragment": [Function],
  "baseElement": <body>
    <div>
      <div
        class="App"
      >
        <h1>
          First React Test case
        </h1>
        <h1>
          Test Click Event with Button
        </h1>
        <h1>
          Snapshot testing
        </h1>
        <br />
        <img
          alt="img 1"
          src="https://img.freepik.com/free-photo/puppy-that-is-walking-snow_1340-37228.jpg"
          title="12 img papi 5675"
        />
        <br />
        <input
          type="text"
          value=""
        />
        <br />
        <button>
          Update Data
        </button>
        <h1 />
      </div>
    </div>
  </body>,
  "container": <div>
    <div
      class="App"
    >
      <h1>
        First React Test case
      </h1>
      <h1>
        Test Click Event with Button
      </h1>
      <h1>
        Snapshot testing
      </h1>
      <br />
      <img
        alt="img 1"
        src="https://img.freepik.com/free-photo/puppy-that-is-walking-snow_1340-37228.jpg"
        title="12 img papi 5675"
      />
      <br />
      <input
        type="text"
        value=""
      />
      <br />
      <button>
        Update Data
      </button>
      <h1 />
    </div>
  </div>,
  "debug": [Function],
  "findAllByAltText": [Function],
  "findAllByDisplayValue": [Function],
  "findAllByLabelText": [Function],
  "findAllByPlaceholderText": [Function],
  "findAllByRole": [Function],
  "findAllByTestId": [Function],
  "findAllByText": [Function],
  "findAllByTitle": [Function],
  "findByAltText": [Function],
  "findByDisplayValue": [Function],
  "findByLabelText": [Function],
  "findByPlaceholderText": [Function],
  "findByRole": [Function],
  "findByTestId": [Function],
  "findByText": [Function],
  "findByTitle": [Function],
  "getAllByAltText": [Function],
  "getAllByDisplayValue": [Function],
  "getAllByLabelText": [Function],
  "getAllByPlaceholderText": [Function],
  "getAllByRole": [Function],
  "getAllByTestId": [Function],
  "getAllByText": [Function],
  "getAllByTitle": [Function],
  "getByAltText": [Function],
  "getByDisplayValue": [Function],
  "getByLabelText": [Function],
  "getByPlaceholderText": [Function],
  "getByRole": [Function],
  "getByTestId": [Function],
  "getByText": [Function],
  "getByTitle": [Function],
  "queryAllByAltText": [Function],
  "queryAllByDisplayValue": [Function],
  "queryAllByLabelText": [Function],
  "queryAllByPlaceholderText": [Function],
  "queryAllByRole": [Function],
  "queryAllByTestId": [Function],
  "queryAllByText": [Function],
  "queryAllByTitle": [Function],
  "queryByAltText": [Function],
  "queryByDisplayValue": [Function],
  "queryByLabelText": [Function],
  "queryByPlaceholderText": [Function],
  "queryByRole": [Function],
  "queryByTestId": [Function],
  "queryByText": [Function],
  "queryByTitle": [Function],
  "rerender": [Function],
  "unmount": [Function],
}
`;
